============================================================
POWERPOINT AUTOMATION TEST REPORT
Generated: 2025-09-17 09:48:31
============================================================

TEST RESULTS:
----------------------------------------
✗ Basic outline conversion
  Details: ==================================== ERRORS ====================================

✗ Basic VBA generation
  Details: ==================================== ERRORS ====================================

✗ Robustness checks
  Details: ==================================== ERRORS ====================================

----------------------------------------
SUMMARY: 0/3 tests passed

⚠ 3 test(s) failed
